 demo

 Timestamp is 5fd15423 (Thu Dec 10 03:48:03 2020)

 Preferred load address is 00400000

 Start         Length     Name                   Class
 0001:00000000 00002660H .text                   CODE
 0001:00002660 000010f8H .text$mn                CODE
 0002:00000000 00000144H .rdata                  DATA
 0002:00000143 00000000H .edata                  DATA
 0002:00000144 00000173H .rdata$zzzdbg           DATA
 0003:00000000 00000b50H .data                   DATA
 0003:00000b50 000002f2H .bss                    DATA
 0004:00000000 000000d8H .idata$5                DATA
 0004:000000d8 00000028H .idata$2                DATA
 0004:00000100 00000014H .idata$3                DATA
 0004:00000114 000000d8H .idata$4                DATA
 0004:000001ec 00000347H .idata$6                DATA
 0005:00000000 00000170H .rsrc$01                DATA
 0005:00000170 000002ccH .rsrc$02                DATA

  Address         Publics by Value              Rva+Base       Lib:Object

 0000:00000000       ___guard_eh_cont_count     00000000     <absolute>
 0000:00000000       ___hybrid_code_map         00000000     <absolute>
 0000:00000000       ___guard_longjmp_table     00000000     <absolute>
 0000:00000000       ___x64_code_ranges_to_entry_points_count 00000000     <absolute>
 0000:00000000       ___guard_fids_count        00000000     <absolute>
 0000:00000000       ___x64_code_ranges_to_entry_points 00000000     <absolute>
 0000:00000000       ___arm64x_redirection_metadata 00000000     <absolute>
 0000:00000000       ___safe_se_handler_count   00000000     <absolute>
 0000:00000000       ___arm64x_native_entrypoint 00000000     <absolute>
 0000:00000000       ___safe_se_handler_table   00000000     <absolute>
 0000:00000000       ___guard_eh_cont_table     00000000     <absolute>
 0000:00000000       ___AbsoluteZero            00000000     <absolute>
 0000:00000000       ___enclave_config          00000000     <absolute>
 0000:00000000       ___volatile_metadata       00000000     <absolute>
 0000:00000000       ___arm64x_extra_rfe_table_size 00000000     <absolute>
 0000:00000000       ___guard_flags             00000000     <absolute>
 0000:00000000       ___arm64x_extra_rfe_table  00000000     <absolute>
 0000:00000000       ___arm64x_redirection_metadata_count 00000000     <absolute>
 0000:00000000       ___guard_iat_count         00000000     <absolute>
 0000:00000000       ___hybrid_auxiliary_iat    00000000     <absolute>
 0000:00000000       ___dynamic_value_reloc_table 00000000     <absolute>
 0000:00000000       ___guard_longjmp_count     00000000     <absolute>
 0000:00000000       ___guard_iat_table         00000000     <absolute>
 0000:00000000       ___guard_fids_table        00000000     <absolute>
 0000:00000000       ___hybrid_code_map_count   00000000     <absolute>
 0001:00000210       _CloseFile@0               00401210 f   irvine32:Irvine32.obj
 0001:00000217       _Clrscr@0                  00401217 f   irvine32:Irvine32.obj
 0001:000002dc       _CreateOutputFile@0        004012dc f   irvine32:Irvine32.obj
 0001:000002f5       _Crlf@0                    004012f5 f   irvine32:Irvine32.obj
 0001:00000310       _Delay@0                   00401310 f   irvine32:Irvine32.obj
 0001:00000319       _DumpMem@0                 00401319 f   irvine32:Irvine32.obj
 0001:000003d4       _DumpRegs@0                004013d4 f   irvine32:Irvine32.obj
 0001:000005cf       _GetCommandTail@0          004015cf f   irvine32:Irvine32.obj
 0001:0000060c       _GetDateTime@4             0040160c f   irvine32:Irvine32.obj
 0001:0000063e       _GetMaxXY@0                0040163e f   irvine32:Irvine32.obj
 0001:0000066d       _GetMseconds@0             0040166d f   irvine32:Irvine32.obj
 0001:000006ca       _GetTextColor@0            004016ca f   irvine32:Irvine32.obj
 0001:000006f5       _Gotoxy@0                  004016f5 f   irvine32:Irvine32.obj
 0001:0000074d       _IsDigit@0                 0040174d f   irvine32:Irvine32.obj
 0001:0000075a       _MsgBox@0                  0040175a f   irvine32:Irvine32.obj
 0001:00000771       _MsgBoxAsk@0               00401771 f   irvine32:Irvine32.obj
 0001:00000790       _OpenInputFile@0           00401790 f   irvine32:Irvine32.obj
 0001:000007a9       _ParseDecimal32@0          004017a9 f   irvine32:Irvine32.obj
 0001:0000080b       _ParseInteger32@0          0040180b f   irvine32:Irvine32.obj
 0001:000008c6       _Random32@0                004018c6 f   irvine32:Irvine32.obj
 0001:000008e1       _RandomRange@0             004018e1 f   irvine32:Irvine32.obj
 0001:000008f6       _Randomize@0               004018f6 f   irvine32:Irvine32.obj
 0001:0000090f       _ReadChar@0                0040190f f   irvine32:Irvine32.obj
 0001:00000925       _ReadDec@0                 00401925 f   irvine32:Irvine32.obj
 0001:00000940       _ReadFromFile@0            00401940 f   irvine32:Irvine32.obj
 0001:00000963       _ReadHex@0                 00401963 f   irvine32:Irvine32.obj
 0001:000009e4       _ReadInt@0                 004019e4 f   irvine32:Irvine32.obj
 0001:000009ff       _ReadKey@0                 004019ff f   irvine32:Irvine32.obj
 0001:00000b1a       _ReadKeyFlush@0            00401b1a f   irvine32:Irvine32.obj
 0001:00000be8       _ReadString@0              00401be8 f   irvine32:Irvine32.obj
 0001:00000ca1       _SetTextColor@0            00401ca1 f   irvine32:Irvine32.obj
 0001:00000cc2       _StrLength@0               00401cc2 f   irvine32:Irvine32.obj
 0001:00000cd3       _Str_compare@8             00401cd3 f   irvine32:Irvine32.obj
 0001:00000cfd       _Str_copy@8                00401cfd f   irvine32:Irvine32.obj
 0001:00000d20       _Str_length@4              00401d20 f   irvine32:Irvine32.obj
 0001:00000d3a       _Str_trim@8                00401d3a f   irvine32:Irvine32.obj
 0001:00000d68       _Str_ucase@4               00401d68 f   irvine32:Irvine32.obj
 0001:00000d8a       _WaitMsg@0                 00401d8a f   irvine32:Irvine32.obj
 0001:00000d9c       _WriteBin@0                00401d9c f   irvine32:Irvine32.obj
 0001:00000da9       _WriteBinB@0               00401da9 f   irvine32:Irvine32.obj
 0001:00000dfc       _WriteChar@0               00401dfc f   irvine32:Irvine32.obj
 0001:00000e2e       _WriteDec@0                00401e2e f   irvine32:Irvine32.obj
 0001:00000e6f       _WriteHex@0                00401e6f f   irvine32:Irvine32.obj
 0001:00000e7c       _WriteHexB@0               00401e7c f   irvine32:Irvine32.obj
 0001:00000f0e       _WriteInt@0                00401f0e f   irvine32:Irvine32.obj
 0001:00000f6f       _WriteStackFrameName@16    00401f6f f   irvine32:Irvine32.obj
 0001:000010ef       _WriteStackFrame@12        004020ef f   irvine32:Irvine32.obj
 0001:00001109       _WriteString@0             00402109 f   irvine32:Irvine32.obj
 0001:00001135       _WriteToFile@0             00402135 f   irvine32:Irvine32.obj
 0001:0000114a       _WriteWindowsMsg@0         0040214a f   irvine32:Irvine32.obj
 0001:00002660       _mmain@0                   00403660 f   examples.obj
 0001:0000268e       _ExitProcess@4             0040368e f   kernel32:KERNEL32.dll
 0001:00002694       _CloseHandle@4             00403694 f   kernel32:KERNEL32.dll
 0001:0000269a       _CreateFileA@28            0040369a f   kernel32:KERNEL32.dll
 0001:000026a0       _FormatMessageA@28         004036a0 f   kernel32:KERNEL32.dll
 0001:000026a6       _FlushConsoleInputBuffer@4 004036a6 f   kernel32:KERNEL32.dll
 0001:000026ac       _GetCommandLineA@0         004036ac f   kernel32:KERNEL32.dll
 0001:000026b2       _GetConsoleMode@8          004036b2 f   kernel32:KERNEL32.dll
 0001:000026b8       _GetConsoleScreenBufferInfo@8 004036b8 f   kernel32:KERNEL32.dll
 0001:000026be       _GetLastError@0            004036be f   kernel32:KERNEL32.dll
 0001:000026c4       _GetLocalTime@4            004036c4 f   kernel32:KERNEL32.dll
 0001:000026ca       _GetStdHandle@4            004036ca f   kernel32:KERNEL32.dll
 0001:000026d0       _GetSystemTime@4           004036d0 f   kernel32:KERNEL32.dll
 0001:000026d6       _LocalFree@4               004036d6 f   kernel32:KERNEL32.dll
 0001:000026dc       _PeekConsoleInputA@16      004036dc f   kernel32:KERNEL32.dll
 0001:000026e2       _ReadConsoleA@20           004036e2 f   kernel32:KERNEL32.dll
 0001:000026e8       _ReadConsoleInputA@16      004036e8 f   kernel32:KERNEL32.dll
 0001:000026ee       _ReadFile@20               004036ee f   kernel32:KERNEL32.dll
 0001:000026f4       _SetConsoleCursorPosition@8 004036f4 f   kernel32:KERNEL32.dll
 0001:000026fa       _SetConsoleMode@8          004036fa f   kernel32:KERNEL32.dll
 0001:00002700       _SetConsoleTextAttribute@8 00403700 f   kernel32:KERNEL32.dll
 0001:00002706       _Sleep@4                   00403706 f   kernel32:KERNEL32.dll
 0001:0000270c       _SystemTimeToFileTime@8    0040370c f   kernel32:KERNEL32.dll
 0001:00002712       _WriteConsoleA@20          00403712 f   kernel32:KERNEL32.dll
 0001:00002718       _WriteConsoleOutputCharacterA@20 00403718 f   kernel32:KERNEL32.dll
 0001:0000271e       _WriteConsoleOutputAttribute@20 0040371e f   kernel32:KERNEL32.dll
 0001:00002724       _WriteFile@20              00403724 f   kernel32:KERNEL32.dll
 0001:0000272a       _MessageBoxA@16            0040372a f   user32:USER32.dll
 0004:00000000       __imp__ExitProcess@4       00407000     kernel32:KERNEL32.dll
 0004:00000004       __imp__CloseHandle@4       00407004     kernel32:KERNEL32.dll
 0004:00000008       __imp__CreateFileA@28      00407008     kernel32:KERNEL32.dll
 0004:0000000c       __imp__FormatMessageA@28   0040700c     kernel32:KERNEL32.dll
 0004:00000010       __imp__FlushConsoleInputBuffer@4 00407010     kernel32:KERNEL32.dll
 0004:00000014       __imp__GetCommandLineA@0   00407014     kernel32:KERNEL32.dll
 0004:00000018       __imp__GetConsoleMode@8    00407018     kernel32:KERNEL32.dll
 0004:0000001c       __imp__GetConsoleScreenBufferInfo@8 0040701c     kernel32:KERNEL32.dll
 0004:00000020       __imp__GetLastError@0      00407020     kernel32:KERNEL32.dll
 0004:00000024       __imp__GetLocalTime@4      00407024     kernel32:KERNEL32.dll
 0004:00000028       __imp__GetStdHandle@4      00407028     kernel32:KERNEL32.dll
 0004:0000002c       __imp__GetSystemTime@4     0040702c     kernel32:KERNEL32.dll
 0004:00000030       __imp__LocalFree@4         00407030     kernel32:KERNEL32.dll
 0004:00000034       __imp__PeekConsoleInputA@16 00407034     kernel32:KERNEL32.dll
 0004:00000038       __imp__ReadConsoleA@20     00407038     kernel32:KERNEL32.dll
 0004:0000003c       __imp__ReadConsoleInputA@16 0040703c     kernel32:KERNEL32.dll
 0004:00000040       __imp__ReadFile@20         00407040     kernel32:KERNEL32.dll
 0004:00000044       __imp__SetConsoleCursorPosition@8 00407044     kernel32:KERNEL32.dll
 0004:00000048       __imp__SetConsoleMode@8    00407048     kernel32:KERNEL32.dll
 0004:0000004c       __imp__SetConsoleTextAttribute@8 0040704c     kernel32:KERNEL32.dll
 0004:00000050       __imp__Sleep@4             00407050     kernel32:KERNEL32.dll
 0004:00000054       __imp__SystemTimeToFileTime@8 00407054     kernel32:KERNEL32.dll
 0004:00000058       __imp__WriteConsoleA@20    00407058     kernel32:KERNEL32.dll
 0004:0000005c       __imp__WriteConsoleOutputCharacterA@20 0040705c     kernel32:KERNEL32.dll
 0004:00000060       __imp__WriteConsoleOutputAttribute@20 00407060     kernel32:KERNEL32.dll
 0004:00000064       __imp__WriteFile@20        00407064     kernel32:KERNEL32.dll
 0004:00000068       \177KERNEL32_NULL_THUNK_DATA 00407068     kernel32:KERNEL32.dll
 0004:000000a8       __imp__MessageBoxA@16      004070a8     user32:USER32.dll
 0004:000000ac       \177USER32_NULL_THUNK_DATA 004070ac     user32:USER32.dll
 0004:000000d8       __IMPORT_DESCRIPTOR_KERNEL32 004070d8     kernel32:KERNEL32.dll
 0004:000000ec       __IMPORT_DESCRIPTOR_USER32 004070ec     user32:USER32.dll
 0004:00000100       __NULL_IMPORT_DESCRIPTOR   00407100     kernel32:KERNEL32.dll

 entry point at        0001:000000b4

 Static symbols

 0000:ffff6000       .debug$S                   00400000     kernel32:KERNEL32.dll
 0000:ffff6000       .debug$S                   00400000     kernel32:KERNEL32.dll
 0000:ffff6000       .debug$S                   00400000     kernel32:KERNEL32.dll
 0000:ffff6000       .debug$S                   00400000     kernel32:KERNEL32.dll
 0000:ffff6000       .debug$S                   00400000     kernel32:KERNEL32.dll
 0000:ffff6000       .debug$S                   00400000     kernel32:KERNEL32.dll
 0000:ffff6000       .debug$S                   00400000     kernel32:KERNEL32.dll
 0000:ffff6000       .debug$S                   00400000     kernel32:KERNEL32.dll
 0000:ffff6000       .debug$S                   00400000     kernel32:KERNEL32.dll
 0000:ffff6000       .debug$S                   00400000     kernel32:KERNEL32.dll
 0000:ffff6000       .debug$S                   00400000     kernel32:KERNEL32.dll
 0000:ffff6000       .debug$S                   00400000     kernel32:KERNEL32.dll
 0000:ffff6000       .debug$S                   00400000     kernel32:KERNEL32.dll
 0000:ffff6000       .debug$S                   00400000     kernel32:KERNEL32.dll
 0000:ffff6000       .debug$S                   00400000     kernel32:KERNEL32.dll
 0000:ffff6000       .debug$S                   00400000     kernel32:KERNEL32.dll
 0000:ffff6000       .debug$S                   00400000     kernel32:KERNEL32.dll
 0000:ffff6000       .debug$S                   00400000     kernel32:KERNEL32.dll
 0000:ffff6000       .debug$S                   00400000     kernel32:KERNEL32.dll
 0000:ffff6000       .debug$S                   00400000     kernel32:KERNEL32.dll
 0000:ffff6000       .debug$S                   00400000     kernel32:KERNEL32.dll
 0000:ffff6000       .debug$S                   00400000     kernel32:KERNEL32.dll
 0000:ffff6000       .debug$S                   00400000     kernel32:KERNEL32.dll
 0000:ffff6000       .debug$S                   00400000     kernel32:KERNEL32.dll
 0000:ffff6000       .debug$S                   00400000     kernel32:KERNEL32.dll
 0000:ffff6000       .debug$S                   00400000     kernel32:KERNEL32.dll
 0000:ffff6000       .debug$S                   00400000     user32:USER32.dll
 0001:00000604       _scan_for_quote@0          00401604 f   irvine32:Irvine32.obj
 0001:0000072b       _Initialize@0              0040172b f   irvine32:Irvine32.obj
 0001:00000b2f       _ReadKeyTranslate@0        00401b2f f   irvine32:Irvine32.obj
 0001:000011a5       _AsciiDigit@0              004021a5 f   irvine32:Irvine32.obj
 0001:000011ae       _HexByte@0                 004021ae f   irvine32:Irvine32.obj
 0001:00002660       $$000000                   00403660     examples.obj
 0003:00000000       aStr                       00406000     examples.obj
 0003:00000020       InitFlag                   00406020     irvine32:Irvine32.obj
 0003:00000021       xtable                     00406021     irvine32:Irvine32.obj
 0003:00000031       blanks                     00406031     irvine32:Irvine32.obj
 0003:00000231       attribs                    00406231     irvine32:Irvine32.obj
 0003:00000631       lineLength                 00406631     irvine32:Irvine32.obj
 0003:00000635       cursorLoc                  00406635     irvine32:Irvine32.obj
 0003:00000639       count                      00406639     irvine32:Irvine32.obj
 0003:0000063d       ??0002                     0040663d     irvine32:Irvine32.obj
 0003:00000642       dumpPrompt                 00406642     irvine32:Irvine32.obj
 0003:00000654       dashLine                   00406654     irvine32:Irvine32.obj
 0003:00000676       ??0003                     00406676     irvine32:Irvine32.obj
 0003:00000679       ??0004                     00406679     irvine32:Irvine32.obj
 0003:0000067b       ??0005                     0040667b     irvine32:Irvine32.obj
 0003:0000067d       saveIP                     0040667d     irvine32:Irvine32.obj
 0003:00000681       saveESP                    00406681     irvine32:Irvine32.obj
 0003:00000685       ??0006                     00406685     irvine32:Irvine32.obj
 0003:0000068c       ??0007                     0040668c     irvine32:Irvine32.obj
 0003:00000693       ??0008                     00406693     irvine32:Irvine32.obj
 0003:0000069a       ??0009                     0040669a     irvine32:Irvine32.obj
 0003:000006a1       ??000A                     004066a1     irvine32:Irvine32.obj
 0003:000006a8       ??000B                     004066a8     irvine32:Irvine32.obj
 0003:000006af       ??000C                     004066af     irvine32:Irvine32.obj
 0003:000006b6       ??000D                     004066b6     irvine32:Irvine32.obj
 0003:000006bd       ??000E                     004066bd     irvine32:Irvine32.obj
 0003:000006c4       ??000F                     004066c4     irvine32:Irvine32.obj
 0003:000006cb       ??0010                     004066cb     irvine32:Irvine32.obj
 0003:000006d0       ??0011                     004066d0     irvine32:Irvine32.obj
 0003:000006d2       ??0013                     004066d2     irvine32:Irvine32.obj
 0003:000006d7       ??0014                     004066d7     irvine32:Irvine32.obj
 0003:000006d9       ??0016                     004066d9     irvine32:Irvine32.obj
 0003:000006de       ??0017                     004066de     irvine32:Irvine32.obj
 0003:000006e0       ??0019                     004066e0     irvine32:Irvine32.obj
 0003:000006e5       ??001A                     004066e5     irvine32:Irvine32.obj
 0003:000006e7       ??001C                     004066e7     irvine32:Irvine32.obj
 0003:000006ec       ??001D                     004066ec     irvine32:Irvine32.obj
 0003:000006ee       ??001F                     004066ee     irvine32:Irvine32.obj
 0003:000006f3       ??0020                     004066f3     irvine32:Irvine32.obj
 0003:000006f5       _cursorPosition            004066f5     irvine32:Irvine32.obj
 0003:000006f9       @zx02abc_def_caption       004066f9     irvine32:Irvine32.obj
 0003:000006fb       @zq02abc_def_caption       004066fb     irvine32:Irvine32.obj
 0003:000006fd       overflow_msgL              004066fd     irvine32:Irvine32.obj
 0003:00000718       invalid_msgL               00406718     irvine32:Irvine32.obj
 0003:0000072b       seed                       0040672b     irvine32:Irvine32.obj
 0003:0000072f       xbtable                    0040672f     irvine32:Irvine32.obj
 0003:00000746       numVal                     00406746     irvine32:Irvine32.obj
 0003:0000074a       charVal                    0040674a     irvine32:Irvine32.obj
 0003:0000074b       evBuffer                   0040674b     irvine32:Irvine32.obj
 0003:0000075f       evRepeat                   0040675f     irvine32:Irvine32.obj
 0003:00000761       SpecialCases               00406761     irvine32:Irvine32.obj
 0003:000007a2       _$$temp                    004067a2     irvine32:Irvine32.obj
 0003:000007a6       waitmsgstr                 004067a6     irvine32:Irvine32.obj
 0003:000007c3       bufferL                    004067c3     irvine32:Irvine32.obj
 0003:000007d0       bufferLHB                  004067d0     irvine32:Irvine32.obj
 0003:000007d9       buffer_B                   004067d9     irvine32:Irvine32.obj
 0003:000007e6       neg_flag                   004067e6     irvine32:Irvine32.obj
 0003:000007e7       LblStack                   004067e7     irvine32:Irvine32.obj
 0003:000007f4       LblFor                     004067f4     irvine32:Irvine32.obj
 0003:000007f9       LblEbp                     004067f9     irvine32:Irvine32.obj
 0003:000007ff       LblParam                   004067ff     irvine32:Irvine32.obj
 0003:0000080c       LblEbpPtr                  0040680c     irvine32:Irvine32.obj
 0003:00000822       LblSaved                   00406822     irvine32:Irvine32.obj
 0003:00000834       LblLocal                   00406834     irvine32:Irvine32.obj
 0003:00000846       LblReturn                  00406846     irvine32:Irvine32.obj
 0003:00000858       LblEsp                     00406858     irvine32:Irvine32.obj
 0003:00000864       BadStackFrameMsg           00406864     irvine32:Irvine32.obj
 0003:0000087f       NoName                     0040687f     irvine32:Irvine32.obj
 0003:00000880       WriteToFile_1              00406880     irvine32:Irvine32.obj
 0003:00000884       WriteWindowsMsg_1          00406884     irvine32:Irvine32.obj
 0003:0000088b       WriteWindowsMsg_2          0040688b     irvine32:Irvine32.obj
 0003:0000088e       pErrorMsg                  0040688e     irvine32:Irvine32.obj
 0003:00000892       messageId                  00406892     irvine32:Irvine32.obj
 0003:00000b50       consoleInHandle            00406b50     irvine32:Irvine32.obj
 0003:00000b54       consoleOutHandle           00406b54     irvine32:Irvine32.obj
 0003:00000b58       bytesWritten               00406b58     irvine32:Irvine32.obj
 0003:00000b5c       eflags                     00406b5c     irvine32:Irvine32.obj
 0003:00000b60       digitBuffer                00406b60     irvine32:Irvine32.obj
 0003:00000bb1       buffer                     00406bb1     irvine32:Irvine32.obj
 0003:00000db1       bytesRead                  00406db1     irvine32:Irvine32.obj
 0003:00000db5       sysTime                    00406db5     irvine32:Irvine32.obj
 0004:000003d6       .idata$6                   004073d6     kernel32:KERNEL32.dll
 0004:000003f2       .idata$6                   004073f2     user32:USER32.dll
 0005:00000170       $R000000                   00408170     * linker generated manifest res *
