 demo

 Timestamp is 60072a09 (Tue Jan 19 23:50:49 2021)

 Preferred load address is 00400000

 Start         Length     Name                   Class
 0001:00000000 00002820H .text                   CODE
 0001:00002820 00002a50H .text$mn                CODE
 0002:00000000 00000144H .rdata                  DATA
 0002:00000143 00000000H .edata                  DATA
 0002:00000144 00000178H .rdata$zzzdbg           DATA
 0003:00000000 00004200H .data                   DATA
 0003:00004200 000002f2H .bss                    DATA
 0004:00000000 000000dcH .idata$5                DATA
 0004:000000dc 00000028H .idata$2                DATA
 0004:00000104 00000014H .idata$3                DATA
 0004:00000118 000000dcH .idata$4                DATA
 0004:000001f4 00000368H .idata$6                DATA
 0005:00000000 00000170H .rsrc$01                DATA
 0005:00000170 000002ccH .rsrc$02                DATA

  Address         Publics by Value              Rva+Base       Lib:Object

 0000:00000000       ___arm64x_native_entrypoint 00000000     <absolute>
 0000:00000000       ___hybrid_code_map_count   00000000     <absolute>
 0000:00000000       ___guard_iat_table         00000000     <absolute>
 0000:00000000       ___arm64x_redirection_metadata_count 00000000     <absolute>
 0000:00000000       ___hybrid_code_map         00000000     <absolute>
 0000:00000000       ___guard_eh_cont_count     00000000     <absolute>
 0000:00000000       ___arm64x_redirection_metadata 00000000     <absolute>
 0000:00000000       ___arm64x_extra_rfe_table  00000000     <absolute>
 0000:00000000       ___guard_fids_table        00000000     <absolute>
 0000:00000000       ___arm64x_extra_rfe_table_size 00000000     <absolute>
 0000:00000000       ___x64_code_ranges_to_entry_points_count 00000000     <absolute>
 0000:00000000       ___enclave_config          00000000     <absolute>
 0000:00000000       ___volatile_metadata       00000000     <absolute>
 0000:00000000       ___AbsoluteZero            00000000     <absolute>
 0000:00000000       ___guard_flags             00000000     <absolute>
 0000:00000000       ___safe_se_handler_count   00000000     <absolute>
 0000:00000000       ___guard_iat_count         00000000     <absolute>
 0000:00000000       ___guard_longjmp_table     00000000     <absolute>
 0000:00000000       ___dynamic_value_reloc_table 00000000     <absolute>
 0000:00000000       ___guard_eh_cont_table     00000000     <absolute>
 0000:00000000       ___hybrid_auxiliary_iat    00000000     <absolute>
 0000:00000000       ___guard_longjmp_count     00000000     <absolute>
 0000:00000000       ___x64_code_ranges_to_entry_points 00000000     <absolute>
 0000:00000000       ___safe_se_handler_table   00000000     <absolute>
 0000:00000000       ___guard_fids_count        00000000     <absolute>
 0001:00000370       _CloseFile@0               00401370 f   irvine32:Irvine32.obj
 0001:00000377       _Clrscr@0                  00401377 f   irvine32:Irvine32.obj
 0001:0000043c       _CreateOutputFile@0        0040143c f   irvine32:Irvine32.obj
 0001:00000455       _Crlf@0                    00401455 f   irvine32:Irvine32.obj
 0001:00000470       _Delay@0                   00401470 f   irvine32:Irvine32.obj
 0001:00000479       _DumpMem@0                 00401479 f   irvine32:Irvine32.obj
 0001:00000534       _DumpRegs@0                00401534 f   irvine32:Irvine32.obj
 0001:0000072f       _GetCommandTail@0          0040172f f   irvine32:Irvine32.obj
 0001:0000076c       _GetDateTime@4             0040176c f   irvine32:Irvine32.obj
 0001:0000079e       _GetMaxXY@0                0040179e f   irvine32:Irvine32.obj
 0001:000007cd       _GetMseconds@0             004017cd f   irvine32:Irvine32.obj
 0001:0000082a       _GetTextColor@0            0040182a f   irvine32:Irvine32.obj
 0001:00000855       _Gotoxy@0                  00401855 f   irvine32:Irvine32.obj
 0001:000008ad       _IsDigit@0                 004018ad f   irvine32:Irvine32.obj
 0001:000008ba       _MsgBox@0                  004018ba f   irvine32:Irvine32.obj
 0001:000008d1       _MsgBoxAsk@0               004018d1 f   irvine32:Irvine32.obj
 0001:000008f0       _OpenInputFile@0           004018f0 f   irvine32:Irvine32.obj
 0001:00000909       _ParseDecimal32@0          00401909 f   irvine32:Irvine32.obj
 0001:0000096b       _ParseInteger32@0          0040196b f   irvine32:Irvine32.obj
 0001:00000a26       _Random32@0                00401a26 f   irvine32:Irvine32.obj
 0001:00000a41       _RandomRange@0             00401a41 f   irvine32:Irvine32.obj
 0001:00000a56       _Randomize@0               00401a56 f   irvine32:Irvine32.obj
 0001:00000a6f       _ReadChar@0                00401a6f f   irvine32:Irvine32.obj
 0001:00000a85       _ReadDec@0                 00401a85 f   irvine32:Irvine32.obj
 0001:00000aa0       _ReadFromFile@0            00401aa0 f   irvine32:Irvine32.obj
 0001:00000ac3       _ReadHex@0                 00401ac3 f   irvine32:Irvine32.obj
 0001:00000b44       _ReadInt@0                 00401b44 f   irvine32:Irvine32.obj
 0001:00000b5f       _ReadKey@0                 00401b5f f   irvine32:Irvine32.obj
 0001:00000c7a       _ReadKeyFlush@0            00401c7a f   irvine32:Irvine32.obj
 0001:00000d48       _ReadString@0              00401d48 f   irvine32:Irvine32.obj
 0001:00000e01       _SetTextColor@0            00401e01 f   irvine32:Irvine32.obj
 0001:00000e22       _StrLength@0               00401e22 f   irvine32:Irvine32.obj
 0001:00000e33       _Str_compare@8             00401e33 f   irvine32:Irvine32.obj
 0001:00000e5d       _Str_copy@8                00401e5d f   irvine32:Irvine32.obj
 0001:00000e80       _Str_length@4              00401e80 f   irvine32:Irvine32.obj
 0001:00000e9a       _Str_trim@8                00401e9a f   irvine32:Irvine32.obj
 0001:00000ec8       _Str_ucase@4               00401ec8 f   irvine32:Irvine32.obj
 0001:00000eea       _WaitMsg@0                 00401eea f   irvine32:Irvine32.obj
 0001:00000efc       _WriteBin@0                00401efc f   irvine32:Irvine32.obj
 0001:00000f09       _WriteBinB@0               00401f09 f   irvine32:Irvine32.obj
 0001:00000f5c       _WriteChar@0               00401f5c f   irvine32:Irvine32.obj
 0001:00000f8e       _WriteDec@0                00401f8e f   irvine32:Irvine32.obj
 0001:00000fcf       _WriteHex@0                00401fcf f   irvine32:Irvine32.obj
 0001:00000fdc       _WriteHexB@0               00401fdc f   irvine32:Irvine32.obj
 0001:0000106e       _WriteInt@0                0040206e f   irvine32:Irvine32.obj
 0001:000010cf       _WriteStackFrameName@16    004020cf f   irvine32:Irvine32.obj
 0001:0000124f       _WriteStackFrame@12        0040224f f   irvine32:Irvine32.obj
 0001:00001269       _WriteString@0             00402269 f   irvine32:Irvine32.obj
 0001:00001295       _WriteToFile@0             00402295 f   irvine32:Irvine32.obj
 0001:000012aa       _WriteWindowsMsg@0         004022aa f   irvine32:Irvine32.obj
 0001:00002820       _QuizCodeTeacher@0         00403820 f   FUPA_Final.obj
 0001:00002895       _QuizCodeStudent@0         00403895 f   FUPA_Final.obj
 0001:0000291d       _WriteNames@0              0040391d f   FUPA_Final.obj
 0001:0000294c       _ReadNames@0               0040394c f   FUPA_Final.obj
 0001:0000297b       _AskForSectionNames@0      0040397b f   FUPA_Final.obj
 0001:000029c1       _PrintInMiddle@12          004039c1 f   FUPA_Final.obj
 0001:000029ea       _DisplayTestInfo@0         004039ea f   FUPA_Final.obj
 0001:00002ab5       _Randomizer@0              00403ab5 f   FUPA_Final.obj
 0001:00002b14       _ReadSectionQuestion@0     00403b14 f   FUPA_Final.obj
 0001:00002ba5       _ReadQuestions@0           00403ba5 f   FUPA_Final.obj
 0001:00002bcc       _WriteQuestions@0          00403bcc f   FUPA_Final.obj
 0001:00002bfb       _WriteSectionQuestion@0    00403bfb f   FUPA_Final.obj
 0001:00002c8c       _Reinitialize@0            00403c8c f   FUPA_Final.obj
 0001:00002cb7       _ChoiceLimiter@0           00403cb7 f   FUPA_Final.obj
 0001:00002cd6       _AskForTestName@0          00403cd6 f   FUPA_Final.obj
 0001:00002cf9       _AskStartEndTime@0         00403cf9 f   FUPA_Final.obj
 0001:00002db6       _AskNegativeMarking@0      00403db6 f   FUPA_Final.obj
 0001:00002de8       _MakeTest@0                00403de8 f   FUPA_Final.obj
 0001:00002ffc       _DisplaySectionInfo@0      00403ffc f   FUPA_Final.obj
 0001:00003079       _TimeChecker@0             00404079 f   FUPA_Final.obj
 0001:00003131       _TakeTest@0                00404131 f   FUPA_Final.obj
 0001:000034d0       _CheckAnswerSheet@0        004044d0 f   FUPA_Final.obj
 0001:000035e5       _Student_Teacher_Colour@0  004045e5 f   FUPA_Final.obj
 0001:0000365d       _Teacher_Menu_Colour@0     0040465d f   FUPA_Final.obj
 0001:000036d5       _Student_Teacher_Menu@0    004046d5 f   FUPA_Final.obj
 0001:00003714       _Teacher_Menu_2@0          00404714 f   FUPA_Final.obj
 0001:00003753       _Student_Menu_Colour@0     00404753 f   FUPA_Final.obj
 0001:000037cb       _Student_Menu_2@0          004047cb f   FUPA_Final.obj
 0001:0000380a       _Choice_Selection_Menu@0   0040480a f   FUPA_Final.obj
 0001:0000385d       _Get_Initial_Choice@0      0040485d f   FUPA_Final.obj
 0001:000038c3       _timeprintproc@0           004048c3 f   FUPA_Final.obj
 0001:00003958       _Get_Student_Input@0       00404958 f   FUPA_Final.obj
 0001:00003a06       _RecordFiler@0             00404a06 f   FUPA_Final.obj
 0001:00003aa1       _RecordReader@0            00404aa1 f   FUPA_Final.obj
 0001:00003b73       _ResultsOrMake@0           00404b73 f   FUPA_Final.obj
 0001:00003b79       _main@0                    00404b79 f   FUPA_Final.obj
 0001:0000419e       _ExitProcess@4             0040519e f   kernel32:KERNEL32.dll
 0001:000041a4       _GetConsoleMode@8          004051a4 f   kernel32:KERNEL32.dll
 0001:000041aa       _GetStdHandle@4            004051aa f   kernel32:KERNEL32.dll
 0001:000041b0       _GetSystemTime@4           004051b0 f   kernel32:KERNEL32.dll
 0001:000041b6       _ReadConsoleInputA@16      004051b6 f   kernel32:KERNEL32.dll
 0001:000041bc       _SetConsoleMode@8          004051bc f   kernel32:KERNEL32.dll
 0001:000041c2       _SetConsoleScreenBufferSize@8 004051c2 f   kernel32:KERNEL32.dll
 0001:000041c8       _CloseHandle@4             004051c8 f   kernel32:KERNEL32.dll
 0001:000041ce       _CreateFileA@28            004051ce f   kernel32:KERNEL32.dll
 0001:000041d4       _FormatMessageA@28         004051d4 f   kernel32:KERNEL32.dll
 0001:000041da       _FlushConsoleInputBuffer@4 004051da f   kernel32:KERNEL32.dll
 0001:000041e0       _GetCommandLineA@0         004051e0 f   kernel32:KERNEL32.dll
 0001:000041e6       _GetConsoleScreenBufferInfo@8 004051e6 f   kernel32:KERNEL32.dll
 0001:000041ec       _GetLastError@0            004051ec f   kernel32:KERNEL32.dll
 0001:000041f2       _GetLocalTime@4            004051f2 f   kernel32:KERNEL32.dll
 0001:000041f8       _LocalFree@4               004051f8 f   kernel32:KERNEL32.dll
 0001:000041fe       _PeekConsoleInputA@16      004051fe f   kernel32:KERNEL32.dll
 0001:00004204       _ReadConsoleA@20           00405204 f   kernel32:KERNEL32.dll
 0001:0000420a       _ReadFile@20               0040520a f   kernel32:KERNEL32.dll
 0001:00004210       _SetConsoleCursorPosition@8 00405210 f   kernel32:KERNEL32.dll
 0001:00004216       _SetConsoleTextAttribute@8 00405216 f   kernel32:KERNEL32.dll
 0001:0000421c       _Sleep@4                   0040521c f   kernel32:KERNEL32.dll
 0001:00004222       _SystemTimeToFileTime@8    00405222 f   kernel32:KERNEL32.dll
 0001:00004228       _WriteConsoleA@20          00405228 f   kernel32:KERNEL32.dll
 0001:0000422e       _WriteConsoleOutputCharacterA@20 0040522e f   kernel32:KERNEL32.dll
 0001:00004234       _WriteConsoleOutputAttribute@20 00405234 f   kernel32:KERNEL32.dll
 0001:0000423a       _WriteFile@20              0040523a f   kernel32:KERNEL32.dll
 0001:00004240       _MessageBoxA@16            00405240 f   user32:USER32.dll
 0004:00000000       __imp__ExitProcess@4       0040d000     kernel32:KERNEL32.dll
 0004:00000004       __imp__GetConsoleMode@8    0040d004     kernel32:KERNEL32.dll
 0004:00000008       __imp__GetStdHandle@4      0040d008     kernel32:KERNEL32.dll
 0004:0000000c       __imp__GetSystemTime@4     0040d00c     kernel32:KERNEL32.dll
 0004:00000010       __imp__ReadConsoleInputA@16 0040d010     kernel32:KERNEL32.dll
 0004:00000014       __imp__SetConsoleMode@8    0040d014     kernel32:KERNEL32.dll
 0004:00000018       __imp__SetConsoleScreenBufferSize@8 0040d018     kernel32:KERNEL32.dll
 0004:0000001c       __imp__CloseHandle@4       0040d01c     kernel32:KERNEL32.dll
 0004:00000020       __imp__CreateFileA@28      0040d020     kernel32:KERNEL32.dll
 0004:00000024       __imp__FormatMessageA@28   0040d024     kernel32:KERNEL32.dll
 0004:00000028       __imp__FlushConsoleInputBuffer@4 0040d028     kernel32:KERNEL32.dll
 0004:0000002c       __imp__GetCommandLineA@0   0040d02c     kernel32:KERNEL32.dll
 0004:00000030       __imp__GetConsoleScreenBufferInfo@8 0040d030     kernel32:KERNEL32.dll
 0004:00000034       __imp__GetLastError@0      0040d034     kernel32:KERNEL32.dll
 0004:00000038       __imp__GetLocalTime@4      0040d038     kernel32:KERNEL32.dll
 0004:0000003c       __imp__LocalFree@4         0040d03c     kernel32:KERNEL32.dll
 0004:00000040       __imp__PeekConsoleInputA@16 0040d040     kernel32:KERNEL32.dll
 0004:00000044       __imp__ReadConsoleA@20     0040d044     kernel32:KERNEL32.dll
 0004:00000048       __imp__ReadFile@20         0040d048     kernel32:KERNEL32.dll
 0004:0000004c       __imp__SetConsoleCursorPosition@8 0040d04c     kernel32:KERNEL32.dll
 0004:00000050       __imp__SetConsoleTextAttribute@8 0040d050     kernel32:KERNEL32.dll
 0004:00000054       __imp__Sleep@4             0040d054     kernel32:KERNEL32.dll
 0004:00000058       __imp__SystemTimeToFileTime@8 0040d058     kernel32:KERNEL32.dll
 0004:0000005c       __imp__WriteConsoleA@20    0040d05c     kernel32:KERNEL32.dll
 0004:00000060       __imp__WriteConsoleOutputCharacterA@20 0040d060     kernel32:KERNEL32.dll
 0004:00000064       __imp__WriteConsoleOutputAttribute@20 0040d064     kernel32:KERNEL32.dll
 0004:00000068       __imp__WriteFile@20        0040d068     kernel32:KERNEL32.dll
 0004:0000006c       \177KERNEL32_NULL_THUNK_DATA 0040d06c     kernel32:KERNEL32.dll
 0004:000000ac       __imp__MessageBoxA@16      0040d0ac     user32:USER32.dll
 0004:000000b0       \177USER32_NULL_THUNK_DATA 0040d0b0     user32:USER32.dll
 0004:000000dc       __IMPORT_DESCRIPTOR_KERNEL32 0040d0dc     kernel32:KERNEL32.dll
 0004:000000f0       __IMPORT_DESCRIPTOR_USER32 0040d0f0     user32:USER32.dll
 0004:00000104       __NULL_IMPORT_DESCRIPTOR   0040d104     kernel32:KERNEL32.dll

 entry point at        0001:00000127

 Static symbols

 0000:ffff0000       .debug$S                   00400000     kernel32:KERNEL32.dll
 0000:ffff0000       .debug$S                   00400000     kernel32:KERNEL32.dll
 0000:ffff0000       .debug$S                   00400000     kernel32:KERNEL32.dll
 0000:ffff0000       .debug$S                   00400000     kernel32:KERNEL32.dll
 0000:ffff0000       .debug$S                   00400000     kernel32:KERNEL32.dll
 0000:ffff0000       .debug$S                   00400000     kernel32:KERNEL32.dll
 0000:ffff0000       .debug$S                   00400000     kernel32:KERNEL32.dll
 0000:ffff0000       .debug$S                   00400000     kernel32:KERNEL32.dll
 0000:ffff0000       .debug$S                   00400000     kernel32:KERNEL32.dll
 0000:ffff0000       .debug$S                   00400000     kernel32:KERNEL32.dll
 0000:ffff0000       .debug$S                   00400000     kernel32:KERNEL32.dll
 0000:ffff0000       .debug$S                   00400000     kernel32:KERNEL32.dll
 0000:ffff0000       .debug$S                   00400000     kernel32:KERNEL32.dll
 0000:ffff0000       .debug$S                   00400000     kernel32:KERNEL32.dll
 0000:ffff0000       .debug$S                   00400000     kernel32:KERNEL32.dll
 0000:ffff0000       .debug$S                   00400000     kernel32:KERNEL32.dll
 0000:ffff0000       .debug$S                   00400000     kernel32:KERNEL32.dll
 0000:ffff0000       .debug$S                   00400000     kernel32:KERNEL32.dll
 0000:ffff0000       .debug$S                   00400000     kernel32:KERNEL32.dll
 0000:ffff0000       .debug$S                   00400000     kernel32:KERNEL32.dll
 0000:ffff0000       .debug$S                   00400000     kernel32:KERNEL32.dll
 0000:ffff0000       .debug$S                   00400000     kernel32:KERNEL32.dll
 0000:ffff0000       .debug$S                   00400000     kernel32:KERNEL32.dll
 0000:ffff0000       .debug$S                   00400000     kernel32:KERNEL32.dll
 0000:ffff0000       .debug$S                   00400000     kernel32:KERNEL32.dll
 0000:ffff0000       .debug$S                   00400000     kernel32:KERNEL32.dll
 0000:ffff0000       .debug$S                   00400000     kernel32:KERNEL32.dll
 0000:ffff0000       .debug$S                   00400000     user32:USER32.dll
 0001:00000764       _scan_for_quote@0          00401764 f   irvine32:Irvine32.obj
 0001:0000088b       _Initialize@0              0040188b f   irvine32:Irvine32.obj
 0001:00000c8f       _ReadKeyTranslate@0        00401c8f f   irvine32:Irvine32.obj
 0001:00001305       _AsciiDigit@0              00402305 f   irvine32:Irvine32.obj
 0001:0000130e       _HexByte@0                 0040230e f   irvine32:Irvine32.obj
 0001:00002820       $$000000                   00403820     FUPA_Final.obj
 0003:00000000       AskSectionName             00408000     FUPA_Final.obj
 0003:0000002a       AskTestName                0040802a     FUPA_Final.obj
 0003:00000050       TestName                   00408050     FUPA_Final.obj
 0003:00000082       SectionStr                 00408082     FUPA_Final.obj
 0003:0000008e       SectionStr2                0040808e     FUPA_Final.obj
 0003:00000096       Section1Name               00408096     FUPA_Final.obj
 0003:000000aa       Section2Name               004080aa     FUPA_Final.obj
 0003:000000be       Section3Name               004080be     FUPA_Final.obj
 0003:000000d2       Section4Name               004080d2     FUPA_Final.obj
 0003:000000e6       Section5Name               004080e6     FUPA_Final.obj
 0003:000000fa       QuestionNoStr              004080fa     FUPA_Final.obj
 0003:00000107       TimeStr                    00408107     FUPA_Final.obj
 0003:00000114       TimeStr2                   00408114     FUPA_Final.obj
 0003:0000011b       TimeStr3                   0040811b     FUPA_Final.obj
 0003:00000127       MinutesStr                 00408127     FUPA_Final.obj
 0003:00000130       timeOverStr                00408130     FUPA_Final.obj
 0003:0000014d       mainMenu                   0040814d     FUPA_Final.obj
 0003:00000169       teacherStr                 00408169     FUPA_Final.obj
 0003:00000179       studentStr                 00408179     FUPA_Final.obj
 0003:00000189       StudentTeacherMenuFile     00408189     FUPA_Final.obj
 0003:000001a2       ChoiceSelectionMenuFile    004081a2     FUPA_Final.obj
 0003:000001ba       TeacherMenu2File           004081ba     FUPA_Final.obj
 0003:000001cd       StudentMenu2File           004081cd     FUPA_Final.obj
 0003:000001e0       quizcodeStr                004081e0     FUPA_Final.obj
 0003:00000203       quizcodeStr2               00408203     FUPA_Final.obj
 0003:0000023c       quizcodeStr3               0040823c     FUPA_Final.obj
 0003:0000025e       quizcode                   0040825e     FUPA_Final.obj
 0003:00000268       txtStr                     00408268     FUPA_Final.obj
 0003:00000275       StudentTeacherMenuPrint    00408275     FUPA_Final.obj
 0003:00000e5f       ChoiceSelectionMenuPrint   00408e5f     FUPA_Final.obj
 0003:00001693       t_marks                    00409693     FUPA_Final.obj
 0003:00001695       recordname                 00409695     FUPA_Final.obj
 0003:000016a0       password                   004096a0     FUPA_Final.obj
 0003:000016a9       passwordInput              004096a9     FUPA_Final.obj
 0003:000016bd       passwordStr                004096bd     FUPA_Final.obj
 0003:000016dc       incorrectPass              004096dc     FUPA_Final.obj
 0003:0000171d       timeIsUp                   0040971d     FUPA_Final.obj
 0003:0000176c       timeStatus                 0040976c     FUPA_Final.obj
 0003:0000176d       wrongTimeStr               0040976d     FUPA_Final.obj
 0003:000017a0       negativeMarkingStr         004097a0     FUPA_Final.obj
 0003:000017ce       negativeMarkingError       004097ce     FUPA_Final.obj
 0003:00001804       negativeByte               00409804     FUPA_Final.obj
 0003:00001805       audioFileError             00409805     FUPA_Final.obj
 0003:0000180f       audioFileTimeUp            0040980f     FUPA_Final.obj
 0003:0000181a       scores                     0040981a     FUPA_Final.obj
 0003:0000195a       score_msg                  0040995a     FUPA_Final.obj
 0003:00001969       score_msg2                 00409969     FUPA_Final.obj
 0003:00001992       inputhandle                00409992     FUPA_Final.obj
 0003:00001996       outputhandle               00409996     FUPA_Final.obj
 0003:0000199a       recordcount                0040999a     FUPA_Final.obj
 0003:0000199e       InputRecord                0040999e     FUPA_Final.obj
 0003:000019b2       ConsoleMode                004099b2     FUPA_Final.obj
 0003:000019b6       max_size                   004099b6     FUPA_Final.obj
 0003:000019ba       color                      004099ba     FUPA_Final.obj
 0003:000019bc       timeCmp                    004099bc     FUPA_Final.obj
 0003:000019cc       AskStartTime               004099cc     FUPA_Final.obj
 0003:000019f6       AskEndTime                 004099f6     FUPA_Final.obj
 0003:00001a54       StartTimeFile              00409a54     FUPA_Final.obj
 0003:00001a58       EndTimeFile                00409a58     FUPA_Final.obj
 0003:00001a5c       StartTimeError             00409a5c     FUPA_Final.obj
 0003:00001a81       msg1                       00409a81     FUPA_Final.obj
 0003:00001aa5       msg1_support               00409aa5     FUPA_Final.obj
 0003:00001ae5       msg2                       00409ae5     FUPA_Final.obj
 0003:00001b17       msg2_support               00409b17     FUPA_Final.obj
 0003:00001b5a       msg3                       00409b5a     FUPA_Final.obj
 0003:00001b8d       msg4                       00409b8d     FUPA_Final.obj
 0003:00001bac       msg5                       00409bac     FUPA_Final.obj
 0003:00001c7c       msg6                       00409c7c     FUPA_Final.obj
 0003:00001c96       Score_msg3                 00409c96     FUPA_Final.obj
 0003:00001ca7       enterQ                     00409ca7     FUPA_Final.obj
 0003:00001cb7       enterC                     00409cb7     FUPA_Final.obj
 0003:00001cc7       enterA                     00409cc7     FUPA_Final.obj
 0003:00001d00       enterA_support             00409d00     FUPA_Final.obj
 0003:00001d40       enterA_flag                00409d40     FUPA_Final.obj
 0003:00001d41       answerSheetLockedStr       00409d41     FUPA_Final.obj
 0003:00001d6d       score                      00409d6d     FUPA_Final.obj
 0003:00001d6e       Roll                       00409d6e     FUPA_Final.obj
 0003:00001d78       totaltime                  00409d78     FUPA_Final.obj
 0003:00001d7c       currtime                   00409d7c     FUPA_Final.obj
 0003:00001d80       timeleftmin                00409d80     FUPA_Final.obj
 0003:00001d84       timeleftsec                00409d84     FUPA_Final.obj
 0003:00001d88       numSections                00409d88     FUPA_Final.obj
 0003:00001d89       numQuestions               00409d89     FUPA_Final.obj
 0003:00001d8a       Question1                  00409d8a     FUPA_Final.obj
 0003:00001e49       Question2                  00409e49     FUPA_Final.obj
 0003:00001f08       Question3                  00409f08     FUPA_Final.obj
 0003:00001fc7       Question4                  00409fc7     FUPA_Final.obj
 0003:00002086       Question5                  0040a086     FUPA_Final.obj
 0003:00002145       Question6                  0040a145     FUPA_Final.obj
 0003:00002204       Question7                  0040a204     FUPA_Final.obj
 0003:000022c3       Question8                  0040a2c3     FUPA_Final.obj
 0003:00002382       Question9                  0040a382     FUPA_Final.obj
 0003:00002441       Question10                 0040a441     FUPA_Final.obj
 0003:00002500       Question11                 0040a500     FUPA_Final.obj
 0003:000025bf       Question12                 0040a5bf     FUPA_Final.obj
 0003:0000267e       Question13                 0040a67e     FUPA_Final.obj
 0003:0000273d       Question14                 0040a73d     FUPA_Final.obj
 0003:000027fc       Question15                 0040a7fc     FUPA_Final.obj
 0003:000028bb       Question16                 0040a8bb     FUPA_Final.obj
 0003:0000297a       Question17                 0040a97a     FUPA_Final.obj
 0003:00002a39       Question18                 0040aa39     FUPA_Final.obj
 0003:00002af8       Question19                 0040aaf8     FUPA_Final.obj
 0003:00002bb7       Question20                 0040abb7     FUPA_Final.obj
 0003:00002c76       Reinitializer              0040ac76     FUPA_Final.obj
 0003:00002d35       offarray                   0040ad35     FUPA_Final.obj
 0003:00002d85       filename                   0040ad85     FUPA_Final.obj
 0003:00002d92       filehandle                 0040ad92     FUPA_Final.obj
 0003:00002d96       shadow                     0040ad96     FUPA_Final.obj
 0003:00002daa       format                     0040adaa     FUPA_Final.obj
 0003:000036d0       InitFlag                   0040b6d0     irvine32:Irvine32.obj
 0003:000036d1       xtable                     0040b6d1     irvine32:Irvine32.obj
 0003:000036e1       blanks                     0040b6e1     irvine32:Irvine32.obj
 0003:000038e1       attribs                    0040b8e1     irvine32:Irvine32.obj
 0003:00003ce1       lineLength                 0040bce1     irvine32:Irvine32.obj
 0003:00003ce5       cursorLoc                  0040bce5     irvine32:Irvine32.obj
 0003:00003ce9       count                      0040bce9     irvine32:Irvine32.obj
 0003:00003ced       ??0002                     0040bced     irvine32:Irvine32.obj
 0003:00003cf2       dumpPrompt                 0040bcf2     irvine32:Irvine32.obj
 0003:00003d04       dashLine                   0040bd04     irvine32:Irvine32.obj
 0003:00003d26       ??0003                     0040bd26     irvine32:Irvine32.obj
 0003:00003d29       ??0004                     0040bd29     irvine32:Irvine32.obj
 0003:00003d2b       ??0005                     0040bd2b     irvine32:Irvine32.obj
 0003:00003d2d       saveIP                     0040bd2d     irvine32:Irvine32.obj
 0003:00003d31       saveESP                    0040bd31     irvine32:Irvine32.obj
 0003:00003d35       ??0006                     0040bd35     irvine32:Irvine32.obj
 0003:00003d3c       ??0007                     0040bd3c     irvine32:Irvine32.obj
 0003:00003d43       ??0008                     0040bd43     irvine32:Irvine32.obj
 0003:00003d4a       ??0009                     0040bd4a     irvine32:Irvine32.obj
 0003:00003d51       ??000A                     0040bd51     irvine32:Irvine32.obj
 0003:00003d58       ??000B                     0040bd58     irvine32:Irvine32.obj
 0003:00003d5f       ??000C                     0040bd5f     irvine32:Irvine32.obj
 0003:00003d66       ??000D                     0040bd66     irvine32:Irvine32.obj
 0003:00003d6d       ??000E                     0040bd6d     irvine32:Irvine32.obj
 0003:00003d74       ??000F                     0040bd74     irvine32:Irvine32.obj
 0003:00003d7b       ??0010                     0040bd7b     irvine32:Irvine32.obj
 0003:00003d80       ??0011                     0040bd80     irvine32:Irvine32.obj
 0003:00003d82       ??0013                     0040bd82     irvine32:Irvine32.obj
 0003:00003d87       ??0014                     0040bd87     irvine32:Irvine32.obj
 0003:00003d89       ??0016                     0040bd89     irvine32:Irvine32.obj
 0003:00003d8e       ??0017                     0040bd8e     irvine32:Irvine32.obj
 0003:00003d90       ??0019                     0040bd90     irvine32:Irvine32.obj
 0003:00003d95       ??001A                     0040bd95     irvine32:Irvine32.obj
 0003:00003d97       ??001C                     0040bd97     irvine32:Irvine32.obj
 0003:00003d9c       ??001D                     0040bd9c     irvine32:Irvine32.obj
 0003:00003d9e       ??001F                     0040bd9e     irvine32:Irvine32.obj
 0003:00003da3       ??0020                     0040bda3     irvine32:Irvine32.obj
 0003:00003da5       _cursorPosition            0040bda5     irvine32:Irvine32.obj
 0003:00003da9       @zx02abc_def_caption       0040bda9     irvine32:Irvine32.obj
 0003:00003dab       @zq02abc_def_caption       0040bdab     irvine32:Irvine32.obj
 0003:00003dad       overflow_msgL              0040bdad     irvine32:Irvine32.obj
 0003:00003dc8       invalid_msgL               0040bdc8     irvine32:Irvine32.obj
 0003:00003ddb       seed                       0040bddb     irvine32:Irvine32.obj
 0003:00003ddf       xbtable                    0040bddf     irvine32:Irvine32.obj
 0003:00003df6       numVal                     0040bdf6     irvine32:Irvine32.obj
 0003:00003dfa       charVal                    0040bdfa     irvine32:Irvine32.obj
 0003:00003dfb       evBuffer                   0040bdfb     irvine32:Irvine32.obj
 0003:00003e0f       evRepeat                   0040be0f     irvine32:Irvine32.obj
 0003:00003e11       SpecialCases               0040be11     irvine32:Irvine32.obj
 0003:00003e52       _$$temp                    0040be52     irvine32:Irvine32.obj
 0003:00003e56       waitmsgstr                 0040be56     irvine32:Irvine32.obj
 0003:00003e73       bufferL                    0040be73     irvine32:Irvine32.obj
 0003:00003e80       bufferLHB                  0040be80     irvine32:Irvine32.obj
 0003:00003e89       buffer_B                   0040be89     irvine32:Irvine32.obj
 0003:00003e96       neg_flag                   0040be96     irvine32:Irvine32.obj
 0003:00003e97       LblStack                   0040be97     irvine32:Irvine32.obj
 0003:00003ea4       LblFor                     0040bea4     irvine32:Irvine32.obj
 0003:00003ea9       LblEbp                     0040bea9     irvine32:Irvine32.obj
 0003:00003eaf       LblParam                   0040beaf     irvine32:Irvine32.obj
 0003:00003ebc       LblEbpPtr                  0040bebc     irvine32:Irvine32.obj
 0003:00003ed2       LblSaved                   0040bed2     irvine32:Irvine32.obj
 0003:00003ee4       LblLocal                   0040bee4     irvine32:Irvine32.obj
 0003:00003ef6       LblReturn                  0040bef6     irvine32:Irvine32.obj
 0003:00003f08       LblEsp                     0040bf08     irvine32:Irvine32.obj
 0003:00003f14       BadStackFrameMsg           0040bf14     irvine32:Irvine32.obj
 0003:00003f2f       NoName                     0040bf2f     irvine32:Irvine32.obj
 0003:00003f30       WriteToFile_1              0040bf30     irvine32:Irvine32.obj
 0003:00003f34       WriteWindowsMsg_1          0040bf34     irvine32:Irvine32.obj
 0003:00003f3b       WriteWindowsMsg_2          0040bf3b     irvine32:Irvine32.obj
 0003:00003f3e       pErrorMsg                  0040bf3e     irvine32:Irvine32.obj
 0003:00003f42       messageId                  0040bf42     irvine32:Irvine32.obj
 0003:00004200       consoleInHandle            0040c200     irvine32:Irvine32.obj
 0003:00004204       consoleOutHandle           0040c204     irvine32:Irvine32.obj
 0003:00004208       bytesWritten               0040c208     irvine32:Irvine32.obj
 0003:0000420c       eflags                     0040c20c     irvine32:Irvine32.obj
 0003:00004210       digitBuffer                0040c210     irvine32:Irvine32.obj
 0003:00004261       buffer                     0040c261     irvine32:Irvine32.obj
 0003:00004461       bytesRead                  0040c461     irvine32:Irvine32.obj
 0003:00004465       sysTime                    0040c465     irvine32:Irvine32.obj
 0004:000003fc       .idata$6                   0040d3fc     kernel32:KERNEL32.dll
 0004:00000418       .idata$6                   0040d418     user32:USER32.dll
 0005:00000170       $R000000                   0040e170     * linker generated manifest res *
